ok - overlapping remote home provisioning serializes through publication and rollback
ok - remote seed rollback preserves serialized competing routes
ok - unknown readiness preserves its route and brief for reconciliation
ok - remote seeding checks, repairs, and re-checks readiness, then stops on a remaining gap
ok - remote seeding proceeds once the repair closes every gap
ok - remote seeding provisions a supplied origin without touching the primary project tree
ok - remote provisioning re-validates a supplied origin at the receiving host
ok - seeding carries bitbucket, self-hosted, and scp-like origins through to the remote clone
ok - remote seed registers the route and provisions the whole home and project clone on that host
ok - remote inheritance rejects incomplete and superseded payload generations
ok - mixed local and remote routes validate without migration
ok - remote spawn launches on the remote-local backend and records a host-qualified route
ok - legacy and mismatched remote endpoints fail closed before backend access
ok - non-herdr remote endpoints are refused without changing either route
ok - remote spawn serializes inheritance through launch publication
cannot retire terminal source; it remains registered: remote-reply-ios
ok - marked send and routed reply complete through the existing parent correlation owner
cannot retire terminal source; it remains registered: remote-reply-ios
ok - partial remote inheritance retains reread intent through bootstrap convergence
ok - config push and bootstrap serialize remote inheritance convergence
WARNING: watcher still down (same stale episode; last beat: 380s ago, grace 300s) - full banner already printed this episode.
/Users/davidtandoh/.no-mistakes/worktrees/e54530c4a65d/01M2J14319FFN72458A227T2Y3/bin/fm-config-push.sh: line 97:  2961 Terminated: 15          FM_HOME="$FM_HOME" FM_ROOT_OVERRIDE="$FM_ROOT" FM_STATE_OVERRIDE="$STATE" "$SCRIPT_DIR/fm-send.sh" "fm-$id" "$FM_REMOTE_SECOND_MATE_NUDGE_MESSAGE" > /dev/null 2>&1
