FM_TEST_BEGIN 2026-09-26T20:02:55Z tests/fm-inbox.test.sh family=unclassified expected_gate_skip=none
ok - plain note, list, and wake stay on the historical human path
ok - plain note keeps exit 1 for a saved-but-unannounced failure
ok - the same request id returns the original note as a distinguishable replay
ok - a crash between recording the request id and publishing the note reuses the original id
ok - saved-but-unannounced notes are repairable without creating a second note
ok - repair and replay do not wake firstmate for an already-acknowledged note
ok - receipts JSON is bounded by fixed bounds and discloses what it omitted
ok - notes that predate the announcement marker are unknown, not re-announced
ok - the reply channel is durable and its cursor is a strict order
ok - the reply cursor never goes backwards when the sequence counter is lost
ok - a reply without a valid sequence is reported as malformed
ok - a non-UTF-8 note does not break the receipts view
ok - readiness says unknown (or not-receivable) instead of inferring liveness from a lock
ok - empty bodies and unsafe request ids are refused
ok - a note body that opens with a double dash is queued as text
ok - drain --ack still moves the note to handled
FM_TEST_END 2026-09-26T20:03:01Z tests/fm-inbox.test.sh exit=0 duration_ms=5504 gate_skip=false
FM_TEST_SUMMARY total=1 failed=0 skipped_gate=0 duration_ms=5550
FM_TEST_SUMMARY_FAMILY family=unclassified count=1 duration_ms=5504 failed=0
FM_TEST_SLOWEST rank=1 script=tests/fm-inbox.test.sh duration_ms=5504
fm-test-run: wrote timing artifact: /Users/davidtandoh/.no-mistakes/evidence/01M3FMAD7B3F3TR4XFSMVR8D57/fm-inbox-timing.json
FM_TEST_BUDGET max_wall_ms=240000 duration_ms=5550
