FM_TEST_BEGIN 2026-09-17T09:22:59Z tests/fm-task-delivery.test.sh family=pure-contract-unit expected_gate_skip=none
ok - fm-spawn/fm-promote: authorized intent preserves exact words and refuses operator-address lines
ok - fm-spawn: every legacy worker receives scoped role instructions without changing project or primary instructions
ok - fm-spawn: a ship spawn requires a valid explicit mode and yolo before anything is created
ok - fm-spawn: scout and secondmate spawns refuse ship delivery flags
ok - fm-spawn: the brief's recorded mode and the spawn's explicit mode must agree
ok - fm-spawn: a rigor downgrade against the registered posture is announced, never blocked
ok - fm-spawn: a scout spawn resolves no delivery posture from the registry
ok - fm-promote: promotion requires the delivery contract and records it exactly once
ok - fm-promote: a symlinked task record is refused and its target is left untouched
ok - fm-promote: a promoted worker receives the same mode-specific delivery contract a briefed one does
ok - fm-project-mode: the conditional policy is accepted, mapped for mechanical callers, and readable raw
ok - fm-spawn/fm-promote: leftover Task placeholders are refused until both subsections are filled
# all fm-task-delivery tests passed
FM_TEST_END 2026-09-17T09:23:18Z tests/fm-task-delivery.test.sh exit=0 duration_ms=18770 gate_skip=false
FM_TEST_SUMMARY total=1 failed=0 skipped_gate=0 duration_ms=18839
FM_TEST_SUMMARY_FAMILY family=pure-contract-unit count=1 duration_ms=18770 failed=0
FM_TEST_SLOWEST rank=1 script=tests/fm-task-delivery.test.sh duration_ms=18770
fm-test-run: wrote timing artifact: /Users/davidtandoh/.no-mistakes/evidence/01M2QAQDR3KSR8SEK0HPEX49PC/delivery-timing.json
FM_TEST_BUDGET max_wall_ms=120000 duration_ms=18839
