FM_TEST_BEGIN 2026-10-01T18:56:19Z tests/fm-backend-herdr-presentation-e2e.test.sh family=real-herdr-gated expected_gate_skip=herdr
ok - real Herdr lab: an opted-out spawn retains the Stage 1 Herdr command sequence with zero ordering calls
ok - real Herdr lab: a home that configured nothing is projected by default on herdr 0.9.3
ok - real Herdr lab: every projected create, task-tab create, seeded prune, and move preserves active workspace and tab
ok - real Herdr lab: persisted-focused seeded prune proceeds when no live client is attached
ok - real Herdr lab: bounded lock contention warns and falls back flat without projection or focus drift
ok - real Herdr lab: concurrent primary workers form one stable contiguous block without active workspace/tab drift
ok - real Herdr lab: forced workspace.move failure leaves a successful worker in default order with a warning and no cleanup
ok - real Herdr lab: concurrent post-create abort cleanup stays serialized with exact focus restoration
ok - real Herdr lab: Treehouse commands and metadata shape are byte-identical except for endpoint IDs and spawn incarnation
ok - real Herdr lab: exact task-pane close removes the projected workspace with no unrestored wrong-focus interval
ok - real Herdr lab: concurrent projected cleanup is serialized and leaves active workspace/tab unchanged
ok - real Herdr lab: three repeated concurrent create/order/cleanup waves have zero active workspace or tab drift
ok - real Herdr lab: the primary presentation setting inherits into real secondmate homes
ok - real Herdr lab: primary and two secondmate homes each own a top-level contiguous child block
ok - real Herdr lab: concurrent primary/A/B spawns preserve parent order and exact focus
ok - real Herdr lab: session lock contention from a secondmate home falls back flat with no journal
not ok - tests/fm-backend-herdr-presentation-e2e.test.sh exceeded the per-script bound of 600s and was terminated
FM_TEST_END 2026-10-01T19:06:20Z tests/fm-backend-herdr-presentation-e2e.test.sh exit=124 duration_ms=600408 gate_skip=false
FM_TEST_SUMMARY total=1 failed=1 skipped_gate=0 duration_ms=600565
FM_TEST_SUMMARY_FAMILY family=real-herdr-gated count=1 duration_ms=600408 failed=1
FM_TEST_SLOWEST rank=1 script=tests/fm-backend-herdr-presentation-e2e.test.sh duration_ms=600408
fm-test-run: wrote timing artifact: /Users/davidtandoh/.no-mistakes/evidence/01M3WCFT8R30R2X0FSK9FRFHFY/herdr-recovery-timing.json
FM_TEST_BUDGET max_wall_ms=620000 duration_ms=600565
