FM_TEST_BEGIN 2026-10-01T13:24:40Z tests/fm-task-delivery.test.sh family=pure-contract-unit expected_gate_skip=none
perl: warning: Setting locale failed.
perl: warning: Please check that your locale settings:
	LC_ALL = "C.UTF-8",
	LC_CTYPE = "C.UTF-8",
	LANG = "C.UTF-8"
    are supported and installed on your system.
perl: warning: Falling back to the standard locale ("C").
ok - fm-spawn/fm-promote: authorized intent preserves exact words and refuses operator-address lines
ok - fm-spawn: every legacy worker receives scoped role instructions without changing project or primary instructions
ok - fm-spawn: a ship spawn requires a valid explicit mode and yolo before anything is created
ok - fm-spawn: scout and secondmate spawns refuse ship delivery flags
ok - fm-spawn: the brief's recorded mode and the spawn's explicit mode must agree
ok - fm-spawn: a rigor downgrade against the registered posture is announced, never blocked
ok - fm-spawn: a scout spawn resolves no delivery posture from the registry
ok - fm-promote: promotion requires the delivery contract and records it exactly once
ok - fm-promote: a symlinked task record is refused and its target is left untouched
ok - fm-promote: a promoted worker receives the same mode-specific delivery contract a briefed one does
●━━━━━━━━━━━━━━━━━━━━━━━━━━━━━━━━━━━━━━━━━━━━━━━━━━━━━━━━━━━━━━━━━━━━━━━
●  WATCHER DOWN - SUPERVISION IS OFF
●  1 task(s) in flight, but no watcher has a fresh beacon (last beat: never, grace 300s).
●  Trust the emitted supervision protocol for this harness; do not use shell & for watcher repair.
●  This is a supervision warning only; the guarded operation WILL still run.
●  repair missing watcher supervision according to the session-start block for this harness; do not use shell &.
●━━━━━━━━━━━━━━━━━━━━━━━━━━━━━━━━━━━━━━━━━━━━━━━━━━━━━━━━━━━━━━━━━━━━━━━
ok - fm-promote: a selected branch prefix reaches both worker instructions and durable task state
Switched to a new branch '$(touch${IFS}/private/var/folders/wj/q35z6lgs5zx716wvy69ctcy80000gn/T/fm-task-delivery.8wBlwa/promote-branch-shell-safe-marker)/promote-branch-safe-e3'
ok - fm-promote: ref-format-valid shell metacharacters stay literal in promotion branch commands
●━━━━━━━━━━━━━━━━━━━━━━━━━━━━━━━━━━━━━━━━━━━━━━━━━━━━━━━━━━━━━━━━━━━━━━━
●  WATCHER DOWN - SUPERVISION IS OFF
●  1 task(s) in flight, but no watcher has a fresh beacon (last beat: never, grace 300s).
●  Trust the emitted supervision protocol for this harness; do not use shell & for watcher repair.
●  This is a supervision warning only; the guarded operation WILL still run.
●  repair missing watcher supervision according to the session-start block for this harness; do not use shell &.
●━━━━━━━━━━━━━━━━━━━━━━━━━━━━━━━━━━━━━━━━━━━━━━━━━━━━━━━━━━━━━━━━━━━━━━━
perl: warning: Setting locale failed.
perl: warning: Please check that your locale settings:
	LC_ALL = "C.UTF-8",
	LC_CTYPE = "C.UTF-8",
	LANG = "C.UTF-8"
    are supported and installed on your system.
perl: warning: Falling back to the standard locale ("C").
perl: warning: Setting locale failed.
perl: warning: Please check that your locale settings:
	LC_ALL = "C.UTF-8",
	LC_CTYPE = "C.UTF-8",
	LANG = "C.UTF-8"
    are supported and installed on your system.
perl: warning: Falling back to the standard locale ("C").
perl: warning: Setting locale failed.
perl: warning: Please check that your locale settings:
	LC_ALL = "C.UTF-8",
	LC_CTYPE = "C.UTF-8",
	LANG = "C.UTF-8"
    are supported and installed on your system.
perl: warning: Falling back to the standard locale ("C").
ok - fm-merge-local: a registry change cannot redirect an in-flight local-only task
ok - fm-project-mode: the registry lookup matches a whole multi-word name, not just its first token
ok - fm-project-mode: the conditional policy is accepted, mapped for mechanical callers, and readable raw
ok - fm-project-mode: the forge binds from its own token and is reported only through --forge
ok - fm-project-mode: only a malformed forge binding refuses; every other token keeps its old tolerance
ok - forge=gerrit: yolo is refused with its reason, never silently dropped
ok - forge=gerrit: no-mistakes runs with its forge steps skipped, recovers its fixes, then publishes one change
ok - forge=gerrit: direct-PR publishes one squashed change and a stack is refused with its reason
ok - fm-spawn: a registered forge must reach the worker's brief
ok - fm-spawn: the brief must carry the spawn's selected ship branch, and the selection is validated before anything is created
ok - fm-spawn: a ship branch that deviates from the registered prefix is announced, never blocked
ok - fm-spawn: a registry forge token the parser refuses stops the launch, reason included
ok - fm-promote: a promoted worker receives the project's registered forge contract with no flag to remember
ok - fm-spawn/fm-promote: leftover Task placeholders are refused until both subsections are filled
ok - fm-project-mode: --branch-prefix resolves order-independently and defaults to the legacy fm/ prefix
# all fm-task-delivery tests passed
FM_TEST_END 2026-10-01T13:25:45Z tests/fm-task-delivery.test.sh exit=0 duration_ms=65469 gate_skip=false
FM_TEST_SUMMARY total=1 failed=0 skipped_gate=0 duration_ms=65525
FM_TEST_SUMMARY_FAMILY family=pure-contract-unit count=1 duration_ms=65469 failed=0
FM_TEST_SLOWEST rank=1 script=tests/fm-task-delivery.test.sh duration_ms=65469
fm-test-run: wrote timing artifact: /Users/davidtandoh/.no-mistakes/evidence/01M3VQQ8KSX5QDVVFHY221R9G7/r2-delivery-timing.json
FM_TEST_BUDGET max_wall_ms=120000 duration_ms=65525
