FM_TEST_BEGIN 2026-10-01T13:46:47Z tests/fm-secondmate-restart.test.sh family=secondmate expected_gate_skip=none
ok - T1 persist is a gate, and asks for open records and task status only
ok - T2 the mate persists before anything is stopped
ok - T2b an arrived persist answer is resolved before timeout
ok - T2c a reply between the preliminary scan and timeout decision wins
ok - T3 a runtime that cannot prove a restart falls back to the re-read message
ok - T4 every named mate is accounted for, including one this home does not know
ok - T5 a refused restart leaves the mate running and reports an unknown outcome
ok - T8 a local restart re-resolves this home's pin and reports the runtime that came up
ok - native Ultra survives local restart and the remote restart transport
ok - T6 a remote mate restarts through the host-local control plane over the fm-on hop
ok - T7 an unreachable host is reported honestly instead of claimed as reloaded
ok - T9 the persist gate retains its explicitly allocated correlation
ok - T10 pending persist answers are polled as one fleet
ok - T11 post-stop restart failure is never misreported as a nudge
ok - T12 relaunch waits do not block fleet persistence polling
ok - T13 a dead restart worker cannot hang the parent
ok - T14 a result published during reaping is honored
ok - T15 an already-current live mate is named by the update pass and genuinely restarted
ok - T16 an already-current mate with an unprovable runtime keeps the honest nudge path
# all fm-secondmate-restart tests passed
rm: /private/var/folders/wj/q35z6lgs5zx716wvy69ctcy80000gn/T/fm-secondmate-restart.sUwUYw/pin-5112/home/state/sm1.git-hooks/pre-rebase: Permission denied
rm: /private/var/folders/wj/q35z6lgs5zx716wvy69ctcy80000gn/T/fm-secondmate-restart.sUwUYw/pin-5112/home/state/sm1.git-hooks/pre-applypatch: Permission denied
rm: /private/var/folders/wj/q35z6lgs5zx716wvy69ctcy80000gn/T/fm-secondmate-restart.sUwUYw/pin-5112/home/state/sm1.git-hooks/pre-auto-gc: Permission denied
rm: /private/var/folders/wj/q35z6lgs5zx716wvy69ctcy80000gn/T/fm-secondmate-restart.sUwUYw/pin-5112/home/state/sm1.git-hooks/pre-merge-commit: Permission denied
rm: /private/var/folders/wj/q35z6lgs5zx716wvy69ctcy80000gn/T/fm-secondmate-restart.sUwUYw/pin-5112/home/state/sm1.git-hooks/post-commit: Permission denied
rm: /private/var/folders/wj/q35z6lgs5zx716wvy69ctcy80000gn/T/fm-secondmate-restart.sUwUYw/pin-5112/home/state/sm1.git-hooks/sendemail-validate: Permission denied
rm: /private/var/folders/wj/q35z6lgs5zx716wvy69ctcy80000gn/T/fm-secondmate-restart.sUwUYw/pin-5112/home/state/sm1.git-hooks/applypatch-msg: Permission denied
rm: /private/var/folders/wj/q35z6lgs5zx716wvy69ctcy80000gn/T/fm-secondmate-restart.sUwUYw/pin-5112/home/state/sm1.git-hooks/prepare-commit-msg: Permission denied
rm: /private/var/folders/wj/q35z6lgs5zx716wvy69ctcy80000gn/T/fm-secondmate-restart.sUwUYw/pin-5112/home/state/sm1.git-hooks/post-checkout: Permission denied
rm: /private/var/folders/wj/q35z6lgs5zx716wvy69ctcy80000gn/T/fm-secondmate-restart.sUwUYw/pin-5112/home/state/sm1.git-hooks/post-applypatch: Permission denied
rm: /private/var/folders/wj/q35z6lgs5zx716wvy69ctcy80000gn/T/fm-secondmate-restart.sUwUYw/pin-5112/home/state/sm1.git-hooks/post-rewrite: Permission denied
rm: /private/var/folders/wj/q35z6lgs5zx716wvy69ctcy80000gn/T/fm-secondmate-restart.sUwUYw/pin-5112/home/state/sm1.git-hooks/commit-msg: Permission denied
rm: /private/var/folders/wj/q35z6lgs5zx716wvy69ctcy80000gn/T/fm-secondmate-restart.sUwUYw/pin-5112/home/state/sm1.git-hooks/pre-push: Permission denied
rm: /private/var/folders/wj/q35z6lgs5zx716wvy69ctcy80000gn/T/fm-secondmate-restart.sUwUYw/pin-5112/home/state/sm1.git-hooks/post-merge: Permission denied
rm: /private/var/folders/wj/q35z6lgs5zx716wvy69ctcy80000gn/T/fm-secondmate-restart.sUwUYw/pin-5112/home/state/sm1.git-hooks/pre-commit: Permission denied
rm: /private/var/folders/wj/q35z6lgs5zx716wvy69ctcy80000gn/T/fm-secondmate-restart.sUwUYw/pin-5112/home/state/sm1.git-hooks: Permission denied
rm: /private/var/folders/wj/q35z6lgs5zx716wvy69ctcy80000gn/T/fm-secondmate-restart.sUwUYw/pin-5112/home/state: Permission denied
rm: /private/var/folders/wj/q35z6lgs5zx716wvy69ctcy80000gn/T/fm-secondmate-restart.sUwUYw/pin-5112/home: Permission denied
rm: /private/var/folders/wj/q35z6lgs5zx716wvy69ctcy80000gn/T/fm-secondmate-restart.sUwUYw/pin-5112: Permission denied
rm: /private/var/folders/wj/q35z6lgs5zx716wvy69ctcy80000gn/T/fm-secondmate-restart.sUwUYw/relaunch-polling-23871/home/state/sm2.git-hooks/pre-rebase: Permission denied
rm: /private/var/folders/wj/q35z6lgs5zx716wvy69ctcy80000gn/T/fm-secondmate-restart.sUwUYw/relaunch-polling-23871/home/state/sm2.git-hooks/pre-applypatch: Permission denied
rm: /private/var/folders/wj/q35z6lgs5zx716wvy69ctcy80000gn/T/fm-secondmate-restart.sUwUYw/relaunch-polling-23871/home/state/sm2.git-hooks/pre-auto-gc: Permission denied
rm: /private/var/folders/wj/q35z6lgs5zx716wvy69ctcy80000gn/T/fm-secondmate-restart.sUwUYw/relaunch-polling-23871/home/state/sm2.git-hooks/pre-merge-commit: Permission denied
rm: /private/var/folders/wj/q35z6lgs5zx716wvy69ctcy80000gn/T/fm-secondmate-restart.sUwUYw/relaunch-polling-23871/home/state/sm2.git-hooks/post-commit: Permission denied
rm: /private/var/folders/wj/q35z6lgs5zx716wvy69ctcy80000gn/T/fm-secondmate-restart.sUwUYw/relaunch-polling-23871/home/state/sm2.git-hooks/sendemail-validate: Permission denied
rm: /private/var/folders/wj/q35z6lgs5zx716wvy69ctcy80000gn/T/fm-secondmate-restart.sUwUYw/relaunch-polling-23871/home/state/sm2.git-hooks/applypatch-msg: Permission denied
rm: /private/var/folders/wj/q35z6lgs5zx716wvy69ctcy80000gn/T/fm-secondmate-restart.sUwUYw/relaunch-polling-23871/home/state/sm2.git-hooks/prepare-commit-msg: Permission denied
rm: /private/var/folders/wj/q35z6lgs5zx716wvy69ctcy80000gn/T/fm-secondmate-restart.sUwUYw/relaunch-polling-23871/home/state/sm2.git-hooks/post-checkout: Permission denied
rm: /private/var/folders/wj/q35z6lgs5zx716wvy69ctcy80000gn/T/fm-secondmate-restart.sUwUYw/relaunch-polling-23871/home/state/sm2.git-hooks/post-applypatch: Permission denied
rm: /private/var/folders/wj/q35z6lgs5zx716wvy69ctcy80000gn/T/fm-secondmate-restart.sUwUYw/relaunch-polling-23871/home/state/sm2.git-hooks/post-rewrite: Permission denied
rm: /private/var/folders/wj/q35z6lgs5zx716wvy69ctcy80000gn/T/fm-secondmate-restart.sUwUYw/relaunch-polling-23871/home/state/sm2.git-hooks/commit-msg: Permission denied
rm: /private/var/folders/wj/q35z6lgs5zx716wvy69ctcy80000gn/T/fm-secondmate-restart.sUwUYw/relaunch-polling-23871/home/state/sm2.git-hooks/pre-push: Permission denied
rm: /private/var/folders/wj/q35z6lgs5zx716wvy69ctcy80000gn/T/fm-secondmate-restart.sUwUYw/relaunch-polling-23871/home/state/sm2.git-hooks/post-merge: Permission denied
rm: /private/var/folders/wj/q35z6lgs5zx716wvy69ctcy80000gn/T/fm-secondmate-restart.sUwUYw/relaunch-polling-23871/home/state/sm2.git-hooks/pre-commit: Permission denied
rm: /private/var/folders/wj/q35z6lgs5zx716wvy69ctcy80000gn/T/fm-secondmate-restart.sUwUYw/relaunch-polling-23871/home/state/sm2.git-hooks: Permission denied
rm: /private/var/folders/wj/q35z6lgs5zx716wvy69ctcy80000gn/T/fm-secondmate-restart.sUwUYw/relaunch-polling-23871/home/state: Permission denied
rm: /private/var/folders/wj/q35z6lgs5zx716wvy69ctcy80000gn/T/fm-secondmate-restart.sUwUYw/relaunch-polling-23871/home: Permission denied
rm: /private/var/folders/wj/q35z6lgs5zx716wvy69ctcy80000gn/T/fm-secondmate-restart.sUwUYw/relaunch-polling-23871: Permission denied
rm: /private/var/folders/wj/q35z6lgs5zx716wvy69ctcy80000gn/T/fm-secondmate-restart.sUwUYw/native-local-14413/home/state/sm1.git-hooks/pre-rebase: Permission denied
rm: /private/var/folders/wj/q35z6lgs5zx716wvy69ctcy80000gn/T/fm-secondmate-restart.sUwUYw/native-local-14413/home/state/sm1.git-hooks/pre-applypatch: Permission denied
rm: /private/var/folders/wj/q35z6lgs5zx716wvy69ctcy80000gn/T/fm-secondmate-restart.sUwUYw/native-local-14413/home/state/sm1.git-hooks/pre-auto-gc: Permission denied
rm: /private/var/folders/wj/q35z6lgs5zx716wvy69ctcy80000gn/T/fm-secondmate-restart.sUwUYw/native-local-14413/home/state/sm1.git-hooks/pre-merge-commit: Permission denied
rm: /private/var/folders/wj/q35z6lgs5zx716wvy69ctcy80000gn/T/fm-secondmate-restart.sUwUYw/native-local-14413/home/state/sm1.git-hooks/post-commit: Permission denied
rm: /private/var/folders/wj/q35z6lgs5zx716wvy69ctcy80000gn/T/fm-secondmate-restart.sUwUYw/native-local-14413/home/state/sm1.git-hooks/sendemail-validate: Permission denied
rm: /private/var/folders/wj/q35z6lgs5zx716wvy69ctcy80000gn/T/fm-secondmate-restart.sUwUYw/native-local-14413/home/state/sm1.git-hooks/applypatch-msg: Permission denied
rm: /private/var/folders/wj/q35z6lgs5zx716wvy69ctcy80000gn/T/fm-secondmate-restart.sUwUYw/native-local-14413/home/state/sm1.git-hooks/prepare-commit-msg: Permission denied
rm: /private/var/folders/wj/q35z6lgs5zx716wvy69ctcy80000gn/T/fm-secondmate-restart.sUwUYw/native-local-14413/home/state/sm1.git-hooks/post-checkout: Permission denied
rm: /private/var/folders/wj/q35z6lgs5zx716wvy69ctcy80000gn/T/fm-secondmate-restart.sUwUYw/native-local-14413/home/state/sm1.git-hooks/post-applypatch: Permission denied
rm: /private/var/folders/wj/q35z6lgs5zx716wvy69ctcy80000gn/T/fm-secondmate-restart.sUwUYw/native-local-14413/home/state/sm1.git-hooks/post-rewrite: Permission denied
rm: /private/var/folders/wj/q35z6lgs5zx716wvy69ctcy80000gn/T/fm-secondmate-restart.sUwUYw/native-local-14413/home/state/sm1.git-hooks/commit-msg: Permission denied
rm: /private/var/folders/wj/q35z6lgs5zx716wvy69ctcy80000gn/T/fm-secondmate-restart.sUwUYw/native-local-14413/home/state/sm1.git-hooks/pre-push: Permission denied
rm: /private/var/folders/wj/q35z6lgs5zx716wvy69ctcy80000gn/T/fm-secondmate-restart.sUwUYw/native-local-14413/home/state/sm1.git-hooks/post-merge: Permission denied
rm: /private/var/folders/wj/q35z6lgs5zx716wvy69ctcy80000gn/T/fm-secondmate-restart.sUwUYw/native-local-14413/home/state/sm1.git-hooks/pre-commit: Permission denied
rm: /private/var/folders/wj/q35z6lgs5zx716wvy69ctcy80000gn/T/fm-secondmate-restart.sUwUYw/native-local-14413/home/state/sm1.git-hooks: Permission denied
rm: /private/var/folders/wj/q35z6lgs5zx716wvy69ctcy80000gn/T/fm-secondmate-restart.sUwUYw/native-local-14413/home/state: Permission denied
rm: /private/var/folders/wj/q35z6lgs5zx716wvy69ctcy80000gn/T/fm-secondmate-restart.sUwUYw/native-local-14413/home: Permission denied
rm: /private/var/folders/wj/q35z6lgs5zx716wvy69ctcy80000gn/T/fm-secondmate-restart.sUwUYw/native-local-14413: Permission denied
rm: /private/var/folders/wj/q35z6lgs5zx716wvy69ctcy80000gn/T/fm-secondmate-restart.sUwUYw/post-stop-3645/home/state/sm1.git-hooks/pre-rebase: Permission denied
rm: /private/var/folders/wj/q35z6lgs5zx716wvy69ctcy80000gn/T/fm-secondmate-restart.sUwUYw/post-stop-3645/home/state/sm1.git-hooks/pre-applypatch: Permission denied
rm: /private/var/folders/wj/q35z6lgs5zx716wvy69ctcy80000gn/T/fm-secondmate-restart.sUwUYw/post-stop-3645/home/state/sm1.git-hooks/pre-auto-gc: Permission denied
rm: /private/var/folders/wj/q35z6lgs5zx716wvy69ctcy80000gn/T/fm-secondmate-restart.sUwUYw/post-stop-3645/home/state/sm1.git-hooks/pre-merge-commit: Permission denied
rm: /private/var/folders/wj/q35z6lgs5zx716wvy69ctcy80000gn/T/fm-secondmate-restart.sUwUYw/post-stop-3645/home/state/sm1.git-hooks/post-commit: Permission denied
rm: /private/var/folders/wj/q35z6lgs5zx716wvy69ctcy80000gn/T/fm-secondmate-restart.sUwUYw/post-stop-3645/home/state/sm1.git-hooks/sendemail-validate: Permission denied
rm: /private/var/folders/wj/q35z6lgs5zx716wvy69ctcy80000gn/T/fm-secondmate-restart.sUwUYw/post-stop-3645/home/state/sm1.git-hooks/applypatch-msg: Permission denied
rm: /private/var/folders/wj/q35z6lgs5zx716wvy69ctcy80000gn/T/fm-secondmate-restart.sUwUYw/post-stop-3645/home/state/sm1.git-hooks/prepare-commit-msg: Permission denied
rm: /private/var/folders/wj/q35z6lgs5zx716wvy69ctcy80000gn/T/fm-secondmate-restart.sUwUYw/post-stop-3645/home/state/sm1.git-hooks/post-checkout: Permission denied
rm: /private/var/folders/wj/q35z6lgs5zx716wvy69ctcy80000gn/T/fm-secondmate-restart.sUwUYw/post-stop-3645/home/state/sm1.git-hooks/post-applypatch: Permission denied
rm: /private/var/folders/wj/q35z6lgs5zx716wvy69ctcy80000gn/T/fm-secondmate-restart.sUwUYw/post-stop-3645/home/state/sm1.git-hooks/post-rewrite: Permission denied
rm: /private/var/folders/wj/q35z6lgs5zx716wvy69ctcy80000gn/T/fm-secondmate-restart.sUwUYw/post-stop-3645/home/state/sm1.git-hooks/commit-msg: Permission denied
rm: /private/var/folders/wj/q35z6lgs5zx716wvy69ctcy80000gn/T/fm-secondmate-restart.sUwUYw/post-stop-3645/home/state/sm1.git-hooks/pre-push: Permission denied
rm: /private/var/folders/wj/q35z6lgs5zx716wvy69ctcy80000gn/T/fm-secondmate-restart.sUwUYw/post-stop-3645/home/state/sm1.git-hooks/post-merge: Permission denied
rm: /private/var/folders/wj/q35z6lgs5zx716wvy69ctcy80000gn/T/fm-secondmate-restart.sUwUYw/post-stop-3645/home/state/sm1.git-hooks/pre-commit: Permission denied
rm: /private/var/folders/wj/q35z6lgs5zx716wvy69ctcy80000gn/T/fm-secondmate-restart.sUwUYw/post-stop-3645/home/state/sm1.git-hooks: Permission denied
rm: /private/var/folders/wj/q35z6lgs5zx716wvy69ctcy80000gn/T/fm-secondmate-restart.sUwUYw/post-stop-3645/home/state: Permission denied
rm: /private/var/folders/wj/q35z6lgs5zx716wvy69ctcy80000gn/T/fm-secondmate-restart.sUwUYw/post-stop-3645/home: Permission denied
rm: /private/var/folders/wj/q35z6lgs5zx716wvy69ctcy80000gn/T/fm-secondmate-restart.sUwUYw/post-stop-3645: Permission denied
rm: /private/var/folders/wj/q35z6lgs5zx716wvy69ctcy80000gn/T/fm-secondmate-restart.sUwUYw/already-current-20068/home/state/sm1.git-hooks/pre-rebase: Permission denied
rm: /private/var/folders/wj/q35z6lgs5zx716wvy69ctcy80000gn/T/fm-secondmate-restart.sUwUYw/already-current-20068/home/state/sm1.git-hooks/pre-applypatch: Permission denied
rm: /private/var/folders/wj/q35z6lgs5zx716wvy69ctcy80000gn/T/fm-secondmate-restart.sUwUYw/already-current-20068/home/state/sm1.git-hooks/pre-auto-gc: Permission denied
rm: /private/var/folders/wj/q35z6lgs5zx716wvy69ctcy80000gn/T/fm-secondmate-restart.sUwUYw/already-current-20068/home/state/sm1.git-hooks/pre-merge-commit: Permission denied
rm: /private/var/folders/wj/q35z6lgs5zx716wvy69ctcy80000gn/T/fm-secondmate-restart.sUwUYw/already-current-20068/home/state/sm1.git-hooks/post-commit: Permission denied
rm: /private/var/folders/wj/q35z6lgs5zx716wvy69ctcy80000gn/T/fm-secondmate-restart.sUwUYw/already-current-20068/home/state/sm1.git-hooks/sendemail-validate: Permission denied
rm: /private/var/folders/wj/q35z6lgs5zx716wvy69ctcy80000gn/T/fm-secondmate-restart.sUwUYw/already-current-20068/home/state/sm1.git-hooks/applypatch-msg: Permission denied
rm: /private/var/folders/wj/q35z6lgs5zx716wvy69ctcy80000gn/T/fm-secondmate-restart.sUwUYw/already-current-20068/home/state/sm1.git-hooks/prepare-commit-msg: Permission denied
rm: /private/var/folders/wj/q35z6lgs5zx716wvy69ctcy80000gn/T/fm-secondmate-restart.sUwUYw/already-current-20068/home/state/sm1.git-hooks/post-checkout: Permission denied
rm: /private/var/folders/wj/q35z6lgs5zx716wvy69ctcy80000gn/T/fm-secondmate-restart.sUwUYw/already-current-20068/home/state/sm1.git-hooks/post-applypatch: Permission denied
rm: /private/var/folders/wj/q35z6lgs5zx716wvy69ctcy80000gn/T/fm-secondmate-restart.sUwUYw/already-current-20068/home/state/sm1.git-hooks/post-rewrite: Permission denied
rm: /private/var/folders/wj/q35z6lgs5zx716wvy69ctcy80000gn/T/fm-secondmate-restart.sUwUYw/already-current-20068/home/state/sm1.git-hooks/commit-msg: Permission denied
rm: /private/var/folders/wj/q35z6lgs5zx716wvy69ctcy80000gn/T/fm-secondmate-restart.sUwUYw/already-current-20068/home/state/sm1.git-hooks/pre-push: Permission denied
rm: /private/var/folders/wj/q35z6lgs5zx716wvy69ctcy80000gn/T/fm-secondmate-restart.sUwUYw/already-current-20068/home/state/sm1.git-hooks/post-merge: Permission denied
rm: /private/var/folders/wj/q35z6lgs5zx716wvy69ctcy80000gn/T/fm-secondmate-restart.sUwUYw/already-current-20068/home/state/sm1.git-hooks/pre-commit: Permission denied
rm: /private/var/folders/wj/q35z6lgs5zx716wvy69ctcy80000gn/T/fm-secondmate-restart.sUwUYw/already-current-20068/home/state/sm1.git-hooks: Permission denied
rm: /private/var/folders/wj/q35z6lgs5zx716wvy69ctcy80000gn/T/fm-secondmate-restart.sUwUYw/already-current-20068/home/state: Permission denied
rm: /private/var/folders/wj/q35z6lgs5zx716wvy69ctcy80000gn/T/fm-secondmate-restart.sUwUYw/already-current-20068/home: Permission denied
rm: /private/var/folders/wj/q35z6lgs5zx716wvy69ctcy80000gn/T/fm-secondmate-restart.sUwUYw/already-current-20068: Permission denied
rm: /private/var/folders/wj/q35z6lgs5zx716wvy69ctcy80000gn/T/fm-secondmate-restart.sUwUYw/order-9248/home/state/sm1.git-hooks/pre-rebase: Permission denied
rm: /private/var/folders/wj/q35z6lgs5zx716wvy69ctcy80000gn/T/fm-secondmate-restart.sUwUYw/order-9248/home/state/sm1.git-hooks/pre-applypatch: Permission denied
rm: /private/var/folders/wj/q35z6lgs5zx716wvy69ctcy80000gn/T/fm-secondmate-restart.sUwUYw/order-9248/home/state/sm1.git-hooks/pre-auto-gc: Permission denied
rm: /private/var/folders/wj/q35z6lgs5zx716wvy69ctcy80000gn/T/fm-secondmate-restart.sUwUYw/order-9248/home/state/sm1.git-hooks/pre-merge-commit: Permission denied
rm: /private/var/folders/wj/q35z6lgs5zx716wvy69ctcy80000gn/T/fm-secondmate-restart.sUwUYw/order-9248/home/state/sm1.git-hooks/post-commit: Permission denied
rm: /private/var/folders/wj/q35z6lgs5zx716wvy69ctcy80000gn/T/fm-secondmate-restart.sUwUYw/order-9248/home/state/sm1.git-hooks/sendemail-validate: Permission denied
rm: /private/var/folders/wj/q35z6lgs5zx716wvy69ctcy80000gn/T/fm-secondmate-restart.sUwUYw/order-9248/home/state/sm1.git-hooks/applypatch-msg: Permission denied
rm: /private/var/folders/wj/q35z6lgs5zx716wvy69ctcy80000gn/T/fm-secondmate-restart.sUwUYw/order-9248/home/state/sm1.git-hooks/prepare-commit-msg: Permission denied
rm: /private/var/folders/wj/q35z6lgs5zx716wvy69ctcy80000gn/T/fm-secondmate-restart.sUwUYw/order-9248/home/state/sm1.git-hooks/post-checkout: Permission denied
rm: /private/var/folders/wj/q35z6lgs5zx716wvy69ctcy80000gn/T/fm-secondmate-restart.sUwUYw/order-9248/home/state/sm1.git-hooks/post-applypatch: Permission denied
rm: /private/var/folders/wj/q35z6lgs5zx716wvy69ctcy80000gn/T/fm-secondmate-restart.sUwUYw/order-9248/home/state/sm1.git-hooks/post-rewrite: Permission denied
rm: /private/var/folders/wj/q35z6lgs5zx716wvy69ctcy80000gn/T/fm-secondmate-restart.sUwUYw/order-9248/home/state/sm1.git-hooks/commit-msg: Permission denied
rm: /private/var/folders/wj/q35z6lgs5zx716wvy69ctcy80000gn/T/fm-secondmate-restart.sUwUYw/order-9248/home/state/sm1.git-hooks/pre-push: Permission denied
rm: /private/var/folders/wj/q35z6lgs5zx716wvy69ctcy80000gn/T/fm-secondmate-restart.sUwUYw/order-9248/home/state/sm1.git-hooks/post-merge: Permission denied
rm: /private/var/folders/wj/q35z6lgs5zx716wvy69ctcy80000gn/T/fm-secondmate-restart.sUwUYw/order-9248/home/state/sm1.git-hooks/pre-commit: Permission denied
rm: /private/var/folders/wj/q35z6lgs5zx716wvy69ctcy80000gn/T/fm-secondmate-restart.sUwUYw/order-9248/home/state/sm1.git-hooks: Permission denied
rm: /private/var/folders/wj/q35z6lgs5zx716wvy69ctcy80000gn/T/fm-secondmate-restart.sUwUYw/order-9248/home/state: Permission denied
rm: /private/var/folders/wj/q35z6lgs5zx716wvy69ctcy80000gn/T/fm-secondmate-restart.sUwUYw/order-9248/home: Permission denied
rm: /private/var/folders/wj/q35z6lgs5zx716wvy69ctcy80000gn/T/fm-secondmate-restart.sUwUYw/order-9248: Permission denied
rm: /private/var/folders/wj/q35z6lgs5zx716wvy69ctcy80000gn/T/fm-secondmate-restart.sUwUYw/answer-at-timeout-decision-31856/home/state/sm1.git-hooks/pre-rebase: Permission denied
rm: /private/var/folders/wj/q35z6lgs5zx716wvy69ctcy80000gn/T/fm-secondmate-restart.sUwUYw/answer-at-timeout-decision-31856/home/state/sm1.git-hooks/pre-applypatch: Permission denied
rm: /private/var/folders/wj/q35z6lgs5zx716wvy69ctcy80000gn/T/fm-secondmate-restart.sUwUYw/answer-at-timeout-decision-31856/home/state/sm1.git-hooks/pre-auto-gc: Permission denied
rm: /private/var/folders/wj/q35z6lgs5zx716wvy69ctcy80000gn/T/fm-secondmate-restart.sUwUYw/answer-at-timeout-decision-31856/home/state/sm1.git-hooks/pre-merge-commit: Permission denied
rm: /private/var/folders/wj/q35z6lgs5zx716wvy69ctcy80000gn/T/fm-secondmate-restart.sUwUYw/answer-at-timeout-decision-31856/home/state/sm1.git-hooks/post-commit: Permission denied
rm: /private/var/folders/wj/q35z6lgs5zx716wvy69ctcy80000gn/T/fm-secondmate-restart.sUwUYw/answer-at-timeout-decision-31856/home/state/sm1.git-hooks/sendemail-validate: Permission denied
rm: /private/var/folders/wj/q35z6lgs5zx716wvy69ctcy80000gn/T/fm-secondmate-restart.sUwUYw/answer-at-timeout-decision-31856/home/state/sm1.git-hooks/applypatch-msg: Permission denied
rm: /private/var/folders/wj/q35z6lgs5zx716wvy69ctcy80000gn/T/fm-secondmate-restart.sUwUYw/answer-at-timeout-decision-31856/home/state/sm1.git-hooks/prepare-commit-msg: Permission denied
rm: /private/var/folders/wj/q35z6lgs5zx716wvy69ctcy80000gn/T/fm-secondmate-restart.sUwUYw/answer-at-timeout-decision-31856/home/state/sm1.git-hooks/post-checkout: Permission denied
rm: /private/var/folders/wj/q35z6lgs5zx716wvy69ctcy80000gn/T/fm-secondmate-restart.sUwUYw/answer-at-timeout-decision-31856/home/state/sm1.git-hooks/post-applypatch: Permission denied
rm: /private/var/folders/wj/q35z6lgs5zx716wvy69ctcy80000gn/T/fm-secondmate-restart.sUwUYw/answer-at-timeout-decision-31856/home/state/sm1.git-hooks/post-rewrite: Permission denied
rm: /private/var/folders/wj/q35z6lgs5zx716wvy69ctcy80000gn/T/fm-secondmate-restart.sUwUYw/answer-at-timeout-decision-31856/home/state/sm1.git-hooks/commit-msg: Permission denied
rm: /private/var/folders/wj/q35z6lgs5zx716wvy69ctcy80000gn/T/fm-secondmate-restart.sUwUYw/answer-at-timeout-decision-31856/home/state/sm1.git-hooks/pre-push: Permission denied
rm: /private/var/folders/wj/q35z6lgs5zx716wvy69ctcy80000gn/T/fm-secondmate-restart.sUwUYw/answer-at-timeout-decision-31856/home/state/sm1.git-hooks/post-merge: Permission denied
rm: /private/var/folders/wj/q35z6lgs5zx716wvy69ctcy80000gn/T/fm-secondmate-restart.sUwUYw/answer-at-timeout-decision-31856/home/state/sm1.git-hooks/pre-commit: Permission denied
rm: /private/var/folders/wj/q35z6lgs5zx716wvy69ctcy80000gn/T/fm-secondmate-restart.sUwUYw/answer-at-timeout-decision-31856/home/state/sm1.git-hooks: Permission denied
rm: /private/var/folders/wj/q35z6lgs5zx716wvy69ctcy80000gn/T/fm-secondmate-restart.sUwUYw/answer-at-timeout-decision-31856/home/state: Permission denied
rm: /private/var/folders/wj/q35z6lgs5zx716wvy69ctcy80000gn/T/fm-secondmate-restart.sUwUYw/answer-at-timeout-decision-31856/home: Permission denied
rm: /private/var/folders/wj/q35z6lgs5zx716wvy69ctcy80000gn/T/fm-secondmate-restart.sUwUYw/answer-at-timeout-decision-31856: Permission denied
rm: /private/var/folders/wj/q35z6lgs5zx716wvy69ctcy80000gn/T/fm-secondmate-restart.sUwUYw/arrived-at-bound-29453/home/state/sm1.git-hooks/pre-rebase: Permission denied
rm: /private/var/folders/wj/q35z6lgs5zx716wvy69ctcy80000gn/T/fm-secondmate-restart.sUwUYw/arrived-at-bound-29453/home/state/sm1.git-hooks/pre-applypatch: Permission denied
rm: /private/var/folders/wj/q35z6lgs5zx716wvy69ctcy80000gn/T/fm-secondmate-restart.sUwUYw/arrived-at-bound-29453/home/state/sm1.git-hooks/pre-auto-gc: Permission denied
rm: /private/var/folders/wj/q35z6lgs5zx716wvy69ctcy80000gn/T/fm-secondmate-restart.sUwUYw/arrived-at-bound-29453/home/state/sm1.git-hooks/pre-merge-commit: Permission denied
rm: /private/var/folders/wj/q35z6lgs5zx716wvy69ctcy80000gn/T/fm-secondmate-restart.sUwUYw/arrived-at-bound-29453/home/state/sm1.git-hooks/post-commit: Permission denied
rm: /private/var/folders/wj/q35z6lgs5zx716wvy69ctcy80000gn/T/fm-secondmate-restart.sUwUYw/arrived-at-bound-29453/home/state/sm1.git-hooks/sendemail-validate: Permission denied
rm: /private/var/folders/wj/q35z6lgs5zx716wvy69ctcy80000gn/T/fm-secondmate-restart.sUwUYw/arrived-at-bound-29453/home/state/sm1.git-hooks/applypatch-msg: Permission denied
rm: /private/var/folders/wj/q35z6lgs5zx716wvy69ctcy80000gn/T/fm-secondmate-restart.sUwUYw/arrived-at-bound-29453/home/state/sm1.git-hooks/prepare-commit-msg: Permission denied
rm: /private/var/folders/wj/q35z6lgs5zx716wvy69ctcy80000gn/T/fm-secondmate-restart.sUwUYw/arrived-at-bound-29453/home/state/sm1.git-hooks/post-checkout: Permission denied
rm: /private/var/folders/wj/q35z6lgs5zx716wvy69ctcy80000gn/T/fm-secondmate-restart.sUwUYw/arrived-at-bound-29453/home/state/sm1.git-hooks/post-applypatch: Permission denied
rm: /private/var/folders/wj/q35z6lgs5zx716wvy69ctcy80000gn/T/fm-secondmate-restart.sUwUYw/arrived-at-bound-29453/home/state/sm1.git-hooks/post-rewrite: Permission denied
rm: /private/var/folders/wj/q35z6lgs5zx716wvy69ctcy80000gn/T/fm-secondmate-restart.sUwUYw/arrived-at-bound-29453/home/state/sm1.git-hooks/commit-msg: Permission denied
rm: /private/var/folders/wj/q35z6lgs5zx716wvy69ctcy80000gn/T/fm-secondmate-restart.sUwUYw/arrived-at-bound-29453/home/state/sm1.git-hooks/pre-push: Permission denied
rm: /private/var/folders/wj/q35z6lgs5zx716wvy69ctcy80000gn/T/fm-secondmate-restart.sUwUYw/arrived-at-bound-29453/home/state/sm1.git-hooks/post-merge: Permission denied
rm: /private/var/folders/wj/q35z6lgs5zx716wvy69ctcy80000gn/T/fm-secondmate-restart.sUwUYw/arrived-at-bound-29453/home/state/sm1.git-hooks/pre-commit: Permission denied
rm: /private/var/folders/wj/q35z6lgs5zx716wvy69ctcy80000gn/T/fm-secondmate-restart.sUwUYw/arrived-at-bound-29453/home/state/sm1.git-hooks: Permission denied
rm: /private/var/folders/wj/q35z6lgs5zx716wvy69ctcy80000gn/T/fm-secondmate-restart.sUwUYw/arrived-at-bound-29453/home/state: Permission denied
rm: /private/var/folders/wj/q35z6lgs5zx716wvy69ctcy80000gn/T/fm-secondmate-restart.sUwUYw/arrived-at-bound-29453/home: Permission denied
rm: /private/var/folders/wj/q35z6lgs5zx716wvy69ctcy80000gn/T/fm-secondmate-restart.sUwUYw/arrived-at-bound-29453: Permission denied
rm: /private/var/folders/wj/q35z6lgs5zx716wvy69ctcy80000gn/T/fm-secondmate-restart.sUwUYw/unknown-1047/home/state/sm1.git-hooks/pre-rebase: Permission denied
rm: /private/var/folders/wj/q35z6lgs5zx716wvy69ctcy80000gn/T/fm-secondmate-restart.sUwUYw/unknown-1047/home/state/sm1.git-hooks/pre-applypatch: Permission denied
rm: /private/var/folders/wj/q35z6lgs5zx716wvy69ctcy80000gn/T/fm-secondmate-restart.sUwUYw/unknown-1047/home/state/sm1.git-hooks/pre-auto-gc: Permission denied
rm: /private/var/folders/wj/q35z6lgs5zx716wvy69ctcy80000gn/T/fm-secondmate-restart.sUwUYw/unknown-1047/home/state/sm1.git-hooks/pre-merge-commit: Permission denied
rm: /private/var/folders/wj/q35z6lgs5zx716wvy69ctcy80000gn/T/fm-secondmate-restart.sUwUYw/unknown-1047/home/state/sm1.git-hooks/post-commit: Permission denied
rm: /private/var/folders/wj/q35z6lgs5zx716wvy69ctcy80000gn/T/fm-secondmate-restart.sUwUYw/unknown-1047/home/state/sm1.git-hooks/sendemail-validate: Permission denied
rm: /private/var/folders/wj/q35z6lgs5zx716wvy69ctcy80000gn/T/fm-secondmate-restart.sUwUYw/unknown-1047/home/state/sm1.git-hooks/applypatch-msg: Permission denied
rm: /private/var/folders/wj/q35z6lgs5zx716wvy69ctcy80000gn/T/fm-secondmate-restart.sUwUYw/unknown-1047/home/state/sm1.git-hooks/prepare-commit-msg: Permission denied
rm: /private/var/folders/wj/q35z6lgs5zx716wvy69ctcy80000gn/T/fm-secondmate-restart.sUwUYw/unknown-1047/home/state/sm1.git-hooks/post-checkout: Permission denied
rm: /private/var/folders/wj/q35z6lgs5zx716wvy69ctcy80000gn/T/fm-secondmate-restart.sUwUYw/unknown-1047/home/state/sm1.git-hooks/post-applypatch: Permission denied
rm: /private/var/folders/wj/q35z6lgs5zx716wvy69ctcy80000gn/T/fm-secondmate-restart.sUwUYw/unknown-1047/home/state/sm1.git-hooks/post-rewrite: Permission denied
rm: /private/var/folders/wj/q35z6lgs5zx716wvy69ctcy80000gn/T/fm-secondmate-restart.sUwUYw/unknown-1047/home/state/sm1.git-hooks/commit-msg: Permission denied
rm: /private/var/folders/wj/q35z6lgs5zx716wvy69ctcy80000gn/T/fm-secondmate-restart.sUwUYw/unknown-1047/home/state/sm1.git-hooks/pre-push: Permission denied
rm: /private/var/folders/wj/q35z6lgs5zx716wvy69ctcy80000gn/T/fm-secondmate-restart.sUwUYw/unknown-1047/home/state/sm1.git-hooks/post-merge: Permission denied
rm: /private/var/folders/wj/q35z6lgs5zx716wvy69ctcy80000gn/T/fm-secondmate-restart.sUwUYw/unknown-1047/home/state/sm1.git-hooks/pre-commit: Permission denied
rm: /private/var/folders/wj/q35z6lgs5zx716wvy69ctcy80000gn/T/fm-secondmate-restart.sUwUYw/unknown-1047/home/state/sm1.git-hooks: Permission denied
rm: /private/var/folders/wj/q35z6lgs5zx716wvy69ctcy80000gn/T/fm-secondmate-restart.sUwUYw/unknown-1047/home/state: Permission denied
rm: /private/var/folders/wj/q35z6lgs5zx716wvy69ctcy80000gn/T/fm-secondmate-restart.sUwUYw/unknown-1047/home: Permission denied
rm: /private/var/folders/wj/q35z6lgs5zx716wvy69ctcy80000gn/T/fm-secondmate-restart.sUwUYw/unknown-1047: Permission denied
rm: /private/var/folders/wj/q35z6lgs5zx716wvy69ctcy80000gn/T/fm-secondmate-restart.sUwUYw/concurrent-waits-29136/home/state/sm2.git-hooks/pre-rebase: Permission denied
rm: /private/var/folders/wj/q35z6lgs5zx716wvy69ctcy80000gn/T/fm-secondmate-restart.sUwUYw/concurrent-waits-29136/home/state/sm2.git-hooks/pre-applypatch: Permission denied
rm: /private/var/folders/wj/q35z6lgs5zx716wvy69ctcy80000gn/T/fm-secondmate-restart.sUwUYw/concurrent-waits-29136/home/state/sm2.git-hooks/pre-auto-gc: Permission denied
rm: /private/var/folders/wj/q35z6lgs5zx716wvy69ctcy80000gn/T/fm-secondmate-restart.sUwUYw/concurrent-waits-29136/home/state/sm2.git-hooks/pre-merge-commit: Permission denied
rm: /private/var/folders/wj/q35z6lgs5zx716wvy69ctcy80000gn/T/fm-secondmate-restart.sUwUYw/concurrent-waits-29136/home/state/sm2.git-hooks/post-commit: Permission denied
rm: /private/var/folders/wj/q35z6lgs5zx716wvy69ctcy80000gn/T/fm-secondmate-restart.sUwUYw/concurrent-waits-29136/home/state/sm2.git-hooks/sendemail-validate: Permission denied
rm: /private/var/folders/wj/q35z6lgs5zx716wvy69ctcy80000gn/T/fm-secondmate-restart.sUwUYw/concurrent-waits-29136/home/state/sm2.git-hooks/applypatch-msg: Permission denied
rm: /private/var/folders/wj/q35z6lgs5zx716wvy69ctcy80000gn/T/fm-secondmate-restart.sUwUYw/concurrent-waits-29136/home/state/sm2.git-hooks/prepare-commit-msg: Permission denied
rm: /private/var/folders/wj/q35z6lgs5zx716wvy69ctcy80000gn/T/fm-secondmate-restart.sUwUYw/concurrent-waits-29136/home/state/sm2.git-hooks/post-checkout: Permission denied
rm: /private/var/folders/wj/q35z6lgs5zx716wvy69ctcy80000gn/T/fm-secondmate-restart.sUwUYw/concurrent-waits-29136/home/state/sm2.git-hooks/post-applypatch: Permission denied
rm: /private/var/folders/wj/q35z6lgs5zx716wvy69ctcy80000gn/T/fm-secondmate-restart.sUwUYw/concurrent-waits-29136/home/state/sm2.git-hooks/post-rewrite: Permission denied
rm: /private/var/folders/wj/q35z6lgs5zx716wvy69ctcy80000gn/T/fm-secondmate-restart.sUwUYw/concurrent-waits-29136/home/state/sm2.git-hooks/commit-msg: Permission denied
rm: /private/var/folders/wj/q35z6lgs5zx716wvy69ctcy80000gn/T/fm-secondmate-restart.sUwUYw/concurrent-waits-29136/home/state/sm2.git-hooks/pre-push: Permission denied
rm: /private/var/folders/wj/q35z6lgs5zx716wvy69ctcy80000gn/T/fm-secondmate-restart.sUwUYw/concurrent-waits-29136/home/state/sm2.git-hooks/post-merge: Permission denied
rm: /private/var/folders/wj/q35z6lgs5zx716wvy69ctcy80000gn/T/fm-secondmate-restart.sUwUYw/concurrent-waits-29136/home/state/sm2.git-hooks/pre-commit: Permission denied
rm: /private/var/folders/wj/q35z6lgs5zx716wvy69ctcy80000gn/T/fm-secondmate-restart.sUwUYw/concurrent-waits-29136/home/state/sm2.git-hooks: Permission denied
rm: /private/var/folders/wj/q35z6lgs5zx716wvy69ctcy80000gn/T/fm-secondmate-restart.sUwUYw/concurrent-waits-29136/home/state: Permission denied
rm: /private/var/folders/wj/q35z6lgs5zx716wvy69ctcy80000gn/T/fm-secondmate-restart.sUwUYw/concurrent-waits-29136/home: Permission denied
rm: /private/var/folders/wj/q35z6lgs5zx716wvy69ctcy80000gn/T/fm-secondmate-restart.sUwUYw/concurrent-waits-29136: Permission denied
rm: /private/var/folders/wj/q35z6lgs5zx716wvy69ctcy80000gn/T/fm-secondmate-restart.sUwUYw: Permission denied
FM_TEST_END 2026-10-01T13:48:06Z tests/fm-secondmate-restart.test.sh exit=0 duration_ms=79460 gate_skip=false
FM_TEST_SUMMARY total=1 failed=0 skipped_gate=0 duration_ms=79535
FM_TEST_SUMMARY_FAMILY family=secondmate count=1 duration_ms=79460 failed=0
FM_TEST_SLOWEST rank=1 script=tests/fm-secondmate-restart.test.sh duration_ms=79460
fm-test-run: wrote timing artifact: /Users/davidtandoh/.no-mistakes/evidence/01M3VQQ8KSX5QDVVFHY221R9G7/r2-restart-timing.json
FM_TEST_BUDGET max_wall_ms=120000 duration_ms=79535
