FM_TEST_BEGIN 2026-10-01T13:55:25Z tests/fm-omnigent-live-e2e.test.sh family=live-harness-optin expected_gate_skip=live-capability
perl: warning: Setting locale failed.
perl: warning: Please check that your locale settings:
	LC_ALL = "C.UTF-8",
	LC_CTYPE = "C.UTF-8",
	LANG = "C.UTF-8"
    are supported and installed on your system.
perl: warning: Falling back to the standard locale ("C").
error: Omnigent launch: agent-kit observe serve is unavailable: serve_processes_partial
FM_TEST_END 2026-10-01T13:55:26Z tests/fm-omnigent-live-e2e.test.sh exit=4 duration_ms=629 gate_skip=false
FM_TEST_SUMMARY total=1 failed=1 skipped_gate=0 duration_ms=766
FM_TEST_SUMMARY_FAMILY family=live-harness-optin count=1 duration_ms=629 failed=1
FM_TEST_SLOWEST rank=1 script=tests/fm-omnigent-live-e2e.test.sh duration_ms=629
FM_TEST_BUDGET max_wall_ms=120000 duration_ms=766
perl: warning: Setting locale failed.
perl: warning: Please check that your locale settings:
	LC_ALL = "C.UTF-8",
	LC_CTYPE = "C.UTF-8",
	LANG = "C.UTF-8"
    are supported and installed on your system.
perl: warning: Falling back to the standard locale ("C").
fm-test-run: wrote timing artifact: /Users/davidtandoh/.no-mistakes/evidence/01M3VQQ8KSX5QDVVFHY221R9G7/r4-live-timing.json
