FM_TEST_BEGIN 2026-10-01T14:06:37Z tests/fm-remote-secondmate-trace-context.test.sh family=secondmate expected_gate_skip=none
perl: warning: Setting locale failed.
perl: warning: Please check that your locale settings:
	LC_ALL = "C.UTF-8",
	LC_CTYPE = "C.UTF-8",
	LANG = "C.UTF-8"
    are supported and installed on your system.
perl: warning: Falling back to the standard locale ("C").
tar: Failed to set default locale
tar: Failed to set default locale
ok - disabled: a remote-routed second mate records and receives no carrier and stays enabled-off end to end
ok - enabled: a remote-routed second mate receives one carrier in its pane, identical to the parent's recorded identity, before launch
ok - relaunch: a remote-routed second mate keeps one stable identity across restarts
ok - boundary: each remote-routed second mate roots its own trace and never adopts the spawning environment's carrier
perl: warning: Setting locale failed.
perl: warning: Please check that your locale settings:
	LC_ALL = "C.UTF-8",
	LC_CTYPE = "C.UTF-8",
	LANG = "C.UTF-8"
    are supported and installed on your system.
perl: warning: Falling back to the standard locale ("C").
perl: warning: Setting locale failed.
perl: warning: Please check that your locale settings:
	LC_ALL = "C.UTF-8",
	LC_CTYPE = "C.UTF-8",
	LANG = "C.UTF-8"
    are supported and installed on your system.
perl: warning: Falling back to the standard locale ("C").
ok - allowlist: the remote receiver accepts exactly the declared inherited-material set, including the enablement flag
ok - delivery: a parent-supplied carrier is accepted only for a secondmate launch and only as a strict W3C value
ok - wrapped parent relaunch upgrades a native remote secondmate without a policy file
ok - Omnigent remote launch resolves the destination service and passes mode to child workers
ok - automatic secondmate recovery keeps the recorded Omnigent mode
ok - remote recovery preserves the recorded Omnigent launch mode without ambient markers
ok - remote service unavailability refuses without falling back to a native launch
ALL TESTS PASSED
FM_TEST_END 2026-10-01T14:10:52Z tests/fm-remote-secondmate-trace-context.test.sh exit=0 duration_ms=254047 gate_skip=false
FM_TEST_SUMMARY total=1 failed=0 skipped_gate=0 duration_ms=254121
FM_TEST_SUMMARY_FAMILY family=secondmate count=1 duration_ms=254047 failed=0
FM_TEST_SLOWEST rank=1 script=tests/fm-remote-secondmate-trace-context.test.sh duration_ms=254047
fm-test-run: wrote timing artifact: /Users/davidtandoh/.no-mistakes/evidence/01M3VQQ8KSX5QDVVFHY221R9G7/r5-remote-timing.json
FM_TEST_BUDGET max_wall_ms=630000 duration_ms=254121
