OpenSSH_9.9p2, LibreSSL 3.3.6
debug1: Reading configuration data /dev/null
debug2: resolve_canonicalize: hostname 127.0.0.1 is address
debug1: Authenticator provider $SSH_SK_PROVIDER did not resolve; disabling
debug1: Connecting to 127.0.0.1 [127.0.0.1] port 50388.
debug2: fd 4 setting O_NONBLOCK
debug1: fd 4 clearing O_NONBLOCK
debug1: Connection established.
debug1: identity file /Users/davidtandoh/.ssh/id_rsa type -1
debug1: identity file /Users/davidtandoh/.ssh/id_rsa-cert type -1
debug1: identity file /Users/davidtandoh/.ssh/id_ecdsa type -1
debug1: identity file /Users/davidtandoh/.ssh/id_ecdsa-cert type -1
debug1: identity file /Users/davidtandoh/.ssh/id_ecdsa_sk type -1
debug1: identity file /Users/davidtandoh/.ssh/id_ecdsa_sk-cert type -1
debug1: identity file /Users/davidtandoh/.ssh/id_ed25519 type 3
debug1: identity file /Users/davidtandoh/.ssh/id_ed25519-cert type -1
debug1: identity file /Users/davidtandoh/.ssh/id_ed25519_sk type -1
debug1: identity file /Users/davidtandoh/.ssh/id_ed25519_sk-cert type -1
debug1: identity file /Users/davidtandoh/.ssh/id_xmss type -1
debug1: identity file /Users/davidtandoh/.ssh/id_xmss-cert type -1
debug1: identity file /Users/davidtandoh/.ssh/id_dsa type -1
debug1: identity file /Users/davidtandoh/.ssh/id_dsa-cert type -1
debug1: Local version string SSH-2.0-OpenSSH_9.9
